timestamp,order_id,instrument,side,type,quantity,price,action,status,executed_quantity,execution_price,counterparty_id
1617278400000000000,0,AAPL,BUY,BAD_INPUT,0,0,NEW,REJECTED,0,0,0
1617278400000000100,2,AAPL,SELL,LIMIT,50,150.25,NEW,PENDING,0,0,0
1617278400000000200,3,USDT,SELL,LIMIT,60,150.3,NEW,PENDING,0,0,0
1617278400000000300,4,AAPL,BUY,LIMIT,40,150.2,NEW,PENDING,0,0,0
1617278400000000400,0,AAPL,BUY,BAD_INPUT,0,0,TEST,REJECTED,0,0,0
1617278400000000500,0,AAPL,SELL,BAD_INPUT,0,0,CANCEL,REJECTED,0,0,0
